Please note that this version is not compiled with MKL, which will result in longer runtimes

Please note that this version is not compiled with QSOPT, so is unable to calculate LDAK weightings

-- -- -- -- -- -- -- -- -- -- -- -- -- -- -- -- -- -- -- -- -- -- -- -- -- -- -- -- --
LDAK - Software for obtaining Linkage Disequilibrium Adjusted Kinships and Loads More
Version 6 - Help pages at www.dougspeed.com
-- -- -- -- -- -- -- -- -- -- -- -- -- -- -- -- -- -- -- -- -- -- -- -- -- -- -- -- --

There are 6 pairs of arguments:
--kvik-step1 kvik
--bfile geno
--pheno phenotype.txt
--covar covariates.txt
--max-threads 1
--random-seed 20269405

Note that "--kvik-step1 kvik" is equivalent to using "--elastic kvik.step1" with "--LOCO YES"

-- -- -- -- -- -- -- -- -- -- -- -- -- -- -- -- -- -- -- -- -- -- -- -- -- -- -- -- --

Constructing LOCO elastic net PRS

To perform quality control of predictors use "--min-maf", "--max-maf", "--min-var" and/or "--min-obs"

LDAK will only save selected files (to save all files, use "--verbose YES")

The random number generator seed is set to 20269405

-- -- -- -- -- -- -- -- -- -- -- -- -- -- -- -- -- -- -- -- -- -- -- -- -- -- -- -- --

Reading IDs for 5000 samples from geno.fam

Checking responses for 5000 samples from phenotype.txt

Reading details for 20000 predictors from geno.bim

Data contain 5000 samples and 20000 predictors (will be using 5000 and 20000)

Reading phenotypes for 5000 samples from phenotype.txt

Reading 1 covariates for 5000 samples from covariates.txt

When performing cross-validation, will use 4500 training samples and 500 test samples

Warning, the number of comparison predictors has been reduced to 20000 (the total number of predictors)

Testing for structure using 512 pedigree predictors

Will decide there is high structure if the estimated maximum average inflation is above 0.1000, and the corresponding p-value is below 1.0000e-03 (change these values using "--MAI-threshold" and "--MAI-significance")

Average cross-chromosome squared correlation is 2.0064e-04 (chi-squared test statistic 0.5324; p-value 4.6561e-01); estimated maximum average inflation of test statistics is 0.0030

This is relatively low structure, so will set the scaling factor to one

Estimating per-predictor heritabilities using Randomized Haseman-Elston Regression with 10 random vectors

Will divide the predictors into 20 partitions (change this using "--num-divides")
Will exclude chunks containing a predictor with estimated variance explained greater than 0.0200 (change this using "--max-cor")

Calculating traces for Chunk 1 of 79
Warning, excluding Chunk 1 because it contains a predictor with estimated variance explained 0.0203
Warning, excluding Chunk 41 because it contains a predictor with estimated variance explained 0.0378
Warning, excluding Chunk 47 because it contains a predictor with estimated variance explained 0.0468
Warning, excluding Chunk 58 because it contains a predictor with estimated variance explained 0.0761
Warning, excluding Chunk 63 because it contains a predictor with estimated variance explained 0.0212

Best power is -1.0000 and estimated heritability is -0.0107 (SD 0.0400)
Warning, the heritability is very low, so has been increased to 0.01

Time check: have so far spent 0.00 hours

Constructing 10 PRS using training samples
Will also make 33 MCMC REML models (using all samples)

Scan 1: estimating training effect sizes for Chunk 1 of 79
Average number of iterations per chunk: 2.00

Scan 2: estimating training effect sizes for Chunk 1 of 79
Average number of iterations per chunk: 2.00

The revised estimate of heritability is 0.1421

Measuring accuracy of each model
Model 1: heritability 0.1421, p 0.0000, f2 1.0000, mean squared error 0.9994
Model 2: heritability 0.1421, p 0.5000, f2 0.5000, mean squared error 1.0004
Model 3: heritability 0.1421, p 0.5000, f2 0.3000, mean squared error 1.0002
Model 4: heritability 0.1421, p 0.5000, f2 0.1000, mean squared error 0.9996
Model 5: heritability 0.1421, p 0.1000, f2 0.5000, mean squared error 0.9617
Model 6: heritability 0.1421, p 0.1000, f2 0.3000, mean squared error 0.9345
Model 7: heritability 0.1421, p 0.1000, f2 0.1000, mean squared error 0.9139
Model 8: heritability 0.1421, p 0.0100, f2 0.5000, mean squared error 0.8269
Model 9: heritability 0.1421, p 0.0100, f2 0.3000, mean squared error 0.8145
Model 10: heritability 0.1421, p 0.0100, f2 0.1000, mean squared error 0.8070

Time check: have so far spent 0.00 hours

Constructing final PRS (heritability 0.1421, p 0.0100, f2 0.1000) using all samples
Will also make 10 LOCO PRS

Scan 1: estimating final effect sizes for Chunk 1 of 79
Average number of iterations per chunk: 1.89

Scan 2: estimating final effect sizes for Chunk 1 of 70
Average number of iterations per chunk: 1.01

Scan 3: estimating final effect sizes for Chunk 1 of 1
Average number of iterations per chunk: 1.00

Comparing test statistics for 20000 predictors
Computing test statistics for Chunk 1 of 80

The effect size calibration is 1.0795 (SE 0.0029)

Best-fitting model saved in kvik.step1.effects

LOCO results saved in kvik.step1.loco.prs and kvik.step1.loco.details

-- -- -- -- -- -- -- -- -- -- -- -- -- -- -- -- -- -- -- -- -- -- -- -- -- -- -- -- --

This command started at Mon Oct  5 22:31:55 2026 and ended at Mon Oct  5 22:31:57 2026
The elapsed time was 0.00 hours
Given the command used one thread, this means the CPU time was also 0.00 hours
Mission completed. All your basepair are belong to us :)

-- -- -- -- -- -- -- -- -- -- -- -- -- -- -- -- -- -- -- -- -- -- -- -- -- -- -- -- --

