Please note that this version is not compiled with MKL, which will result in longer runtimes

Please note that this version is not compiled with QSOPT, so is unable to calculate LDAK weightings

-- -- -- -- -- -- -- -- -- -- -- -- -- -- -- -- -- -- -- -- -- -- -- -- -- -- -- -- --
LDAK - Software for obtaining Linkage Disequilibrium Adjusted Kinships and Loads More
Version 6 - Help pages at www.dougspeed.com
-- -- -- -- -- -- -- -- -- -- -- -- -- -- -- -- -- -- -- -- -- -- -- -- -- -- -- -- --

There are 6 pairs of arguments:
--kvik-step1 reference
--bfile ../geno
--pheno phenotype.txt
--max-threads 1
--random-seed 20262484
--covar covariates.txt

Note that "--kvik-step1 reference" is equivalent to using "--elastic reference.step1" with "--LOCO YES"

-- -- -- -- -- -- -- -- -- -- -- -- -- -- -- -- -- -- -- -- -- -- -- -- -- -- -- -- --

Constructing LOCO elastic net PRS

To perform quality control of predictors use "--min-maf", "--max-maf", "--min-var" and/or "--min-obs"

LDAK will only save selected files (to save all files, use "--verbose YES")

The random number generator seed is set to 20262484

-- -- -- -- -- -- -- -- -- -- -- -- -- -- -- -- -- -- -- -- -- -- -- -- -- -- -- -- --

Reading IDs for 4000 samples from ../geno.fam

Checking responses for 4000 samples from phenotype.txt

Reading details for 24000 predictors from ../geno.bim

Data contain 4000 samples and 24000 predictors (will be using 4000 and 24000)

Reading phenotypes for 4000 samples from phenotype.txt

Reading 2 covariates for 4000 samples from covariates.txt

When performing cross-validation, will use 3600 training samples and 400 test samples

Warning, the number of comparison predictors has been reduced to 24000 (the total number of predictors)

Testing for structure using 512 pedigree predictors

Will decide there is high structure if the estimated maximum average inflation is above 0.1000, and the corresponding p-value is below 1.0000e-03 (change these values using "--MAI-threshold" and "--MAI-significance")

Average cross-chromosome squared correlation is 2.4997e-04 (chi-squared test statistic 0.0076; p-value 9.3060e-01); estimated maximum average inflation of test statistics is -0.0004

This is relatively low structure, so will set the scaling factor to one

Estimating per-predictor heritabilities using Randomized Haseman-Elston Regression with 10 random vectors

Will divide the predictors into 20 partitions (change this using "--num-divides")
Will exclude chunks containing a predictor with estimated variance explained greater than 0.0250 (change this using "--max-cor")

Calculating traces for Chunk 1 of 94
Warning, excluding Chunk 2 because it contains a predictor with estimated variance explained 0.0278
Warning, excluding Chunk 6 because it contains a predictor with estimated variance explained 0.0507
Warning, excluding Chunk 64 because it contains a predictor with estimated variance explained 0.0763
Warning, excluding Chunk 66 because it contains a predictor with estimated variance explained 0.0507

Best power is 0.0000 and estimated heritability is 0.2035 (SD 0.0368)

Time check: have so far spent 0.00 hours

Constructing 10 PRS using training samples
Will also make 33 MCMC REML models (using all samples)

Scan 1: estimating training effect sizes for Chunk 1 of 94
Average number of iterations per chunk: 2.13

Scan 2: estimating training effect sizes for Chunk 1 of 94
Average number of iterations per chunk: 2.00

Scan 3: estimating training effect sizes for Chunk 1 of 94
Average number of iterations per chunk: 2.00

The revised estimate of heritability is 0.3081

Measuring accuracy of each model
Model 1: heritability 0.3081, p 0.0000, f2 1.0000, mean squared error 0.9631
Model 2: heritability 0.3081, p 0.5000, f2 0.5000, mean squared error 0.8726
Model 3: heritability 0.3081, p 0.5000, f2 0.3000, mean squared error 0.8332
Model 4: heritability 0.3081, p 0.5000, f2 0.1000, mean squared error 0.8126
Model 5: heritability 0.3081, p 0.1000, f2 0.5000, mean squared error 0.7651
Model 6: heritability 0.3081, p 0.1000, f2 0.3000, mean squared error 0.7532
Model 7: heritability 0.3081, p 0.1000, f2 0.1000, mean squared error 0.7456
Model 8: heritability 0.3081, p 0.0100, f2 0.5000, mean squared error 0.7219
Model 9: heritability 0.3081, p 0.0100, f2 0.3000, mean squared error 0.7173
Model 10: heritability 0.3081, p 0.0100, f2 0.1000, mean squared error 0.7155

Time check: have so far spent 0.00 hours

Constructing final PRS (heritability 0.3081, p 0.0100, f2 0.1000) using all samples
Will also make 6 LOCO PRS

Scan 1: estimating final effect sizes for Chunk 1 of 94
Average number of iterations per chunk: 2.01

Scan 2: estimating final effect sizes for Chunk 1 of 94
Average number of iterations per chunk: 1.29

Scan 3: estimating final effect sizes for Chunk 1 of 27
Average number of iterations per chunk: 1.00

Comparing test statistics for 24000 predictors
Computing test statistics for Chunk 1 of 96

The effect size calibration is 1.1413 (SE 0.0041)

Best-fitting model saved in reference.step1.effects

LOCO results saved in reference.step1.loco.prs and reference.step1.loco.details

-- -- -- -- -- -- -- -- -- -- -- -- -- -- -- -- -- -- -- -- -- -- -- -- -- -- -- -- --

This command started at Sat Oct  3 18:49:10 2026 and ended at Sat Oct  3 18:49:13 2026
The elapsed time was 0.00 hours
Given the command used one thread, this means the CPU time was also 0.00 hours
Mission completed. All your basepair are belong to us :)

-- -- -- -- -- -- -- -- -- -- -- -- -- -- -- -- -- -- -- -- -- -- -- -- -- -- -- -- --

