Please note that this version is not compiled with MKL, which will result in longer runtimes

Please note that this version is not compiled with QSOPT, so is unable to calculate LDAK weightings

-- -- -- -- -- -- -- -- -- -- -- -- -- -- -- -- -- -- -- -- -- -- -- -- -- -- -- -- --
LDAK - Software for obtaining Linkage Disequilibrium Adjusted Kinships and Loads More
Version 6 - Help pages at www.dougspeed.com
-- -- -- -- -- -- -- -- -- -- -- -- -- -- -- -- -- -- -- -- -- -- -- -- -- -- -- -- --

There are 5 pairs of arguments:
--kvik-step1 reference
--bfile /Users/au507860/REPOS/mixmogam/benchmarks/results/20261003-hapnest-kvik-n50000-m20000/rho0.8_fst0_rep01/geno
--pheno /Users/au507860/REPOS/mixmogam/benchmarks/results/20261003-hapnest-kvik-n50000-m20000/rho0.8_fst0_rep01/unstructured_mixed/phenotype.txt
--max-threads 4
--random-seed 20262486

Note that "--kvik-step1 reference" is equivalent to using "--elastic reference.step1" with "--LOCO YES"

-- -- -- -- -- -- -- -- -- -- -- -- -- -- -- -- -- -- -- -- -- -- -- -- -- -- -- -- --

Constructing LOCO elastic net PRS

Consider using "--covar" and/or "--factors" to provide quantitative or categorical covariates

To perform quality control of predictors use "--min-maf", "--max-maf", "--min-var" and/or "--min-obs"

LDAK will only save selected files (to save all files, use "--verbose YES")

The random number generator seed is set to 20262486

-- -- -- -- -- -- -- -- -- -- -- -- -- -- -- -- -- -- -- -- -- -- -- -- -- -- -- -- --

Reading IDs for 50000 samples from /Users/au507860/REPOS/mixmogam/benchmarks/results/20261003-hapnest-kvik-n50000-m20000/rho0.8_fst0_rep01/geno.fam

Checking responses for 50000 samples from /Users/au507860/REPOS/mixmogam/benchmarks/results/20261003-hapnest-kvik-n50000-m20000/rho0.8_fst0_rep01/unstructured_mixed/phenotype.txt

Reading details for 20000 predictors from /Users/au507860/REPOS/mixmogam/benchmarks/results/20261003-hapnest-kvik-n50000-m20000/rho0.8_fst0_rep01/geno.bim

Data contain 50000 samples and 20000 predictors (will be using 50000 and 20000)

Reading phenotypes for 50000 samples from /Users/au507860/REPOS/mixmogam/benchmarks/results/20261003-hapnest-kvik-n50000-m20000/rho0.8_fst0_rep01/unstructured_mixed/phenotype.txt

When performing cross-validation, will use 45000 training samples and 5000 test samples

Warning, the number of comparison predictors has been reduced to 20000 (the total number of predictors)

Testing for structure using 512 pedigree predictors

Will decide there is high structure if the estimated maximum average inflation is above 0.1000, and the corresponding p-value is below 1.0000e-03 (change these values using "--MAI-threshold" and "--MAI-significance")

Average cross-chromosome squared correlation is 2.0071e-05 (chi-squared test statistic 0.6866; p-value 4.0732e-01); estimated maximum average inflation of test statistics is 0.0035

This is relatively low structure, so will set the scaling factor to one

Estimating per-predictor heritabilities using Randomized Haseman-Elston Regression with 3 random vectors

Will divide the predictors into 20 partitions (change this using "--num-divides")
Will exclude chunks containing a predictor with estimated variance explained greater than 0.0200 (change this using "--max-cor")

Calculating traces for Chunk 1 of 79
Warning, excluding Chunk 11 because it contains a predictor with estimated variance explained 0.0568
Warning, excluding Chunk 15 because it contains a predictor with estimated variance explained 0.0232
Warning, excluding Chunk 17 because it contains a predictor with estimated variance explained 0.0216
Warning, excluding Chunk 24 because it contains a predictor with estimated variance explained 0.0299
Warning, excluding Chunk 52 because it contains a predictor with estimated variance explained 0.0313
In total, 6 chunks were excluded

Best power is -1.0000 and estimated heritability is 0.2461 (SD 0.0028)

Time check: have so far spent 0.00 hours

Constructing 10 PRS using training samples

Scan 1: estimating training effect sizes for Chunk 1 of 79
Average number of iterations per chunk: 5.23

Scan 2: estimating training effect sizes for Chunk 1 of 79
Average number of iterations per chunk: 3.57

Measuring accuracy of each model
Model 1: heritability 0.2461, p 0.0000, f2 1.0000, mean squared error 0.7069
Model 2: heritability 0.2461, p 0.5000, f2 0.5000, mean squared error 0.6259
Model 3: heritability 0.2461, p 0.5000, f2 0.3000, mean squared error 0.6263
Model 4: heritability 0.2461, p 0.5000, f2 0.1000, mean squared error 0.6294
Model 5: heritability 0.2461, p 0.1000, f2 0.5000, mean squared error 0.6272
Model 6: heritability 0.2461, p 0.1000, f2 0.3000, mean squared error 0.6342
Model 7: heritability 0.2461, p 0.1000, f2 0.1000, mean squared error 0.6494
Model 8: heritability 0.2461, p 0.0100, f2 0.5000, mean squared error 0.6323
Model 9: heritability 0.2461, p 0.0100, f2 0.3000, mean squared error 0.6456
Model 10: heritability 0.2461, p 0.0100, f2 0.1000, mean squared error 0.6741

Time check: have so far spent 0.00 hours

Constructing final PRS (heritability 0.2461, p 0.5000, f2 0.5000) using all samples
Will also make 6 LOCO PRS

Scan 1: estimating final effect sizes for Chunk 1 of 79
Average number of iterations per chunk: 4.05

Scan 2: estimating final effect sizes for Chunk 1 of 79
Average number of iterations per chunk: 2.91

Scan 3: estimating final effect sizes for Chunk 1 of 78
Average number of iterations per chunk: 1.50

Scan 4: estimating final effect sizes for Chunk 1 of 39
Average number of iterations per chunk: 1.00

Comparing test statistics for 20000 predictors
Computing test statistics for Chunk 1 of 82

The effect size calibration is 1.1388 (SE 0.0042)

Best-fitting model saved in reference.step1.effects

LOCO results saved in reference.step1.loco.prs and reference.step1.loco.details

-- -- -- -- -- -- -- -- -- -- -- -- -- -- -- -- -- -- -- -- -- -- -- -- -- -- -- -- --

This command started at Sat Oct  3 22:47:33 2026 and ended at Sat Oct  3 22:47:59 2026
The elapsed time was 0.01 hours
Given the command used 4 threads, this means the CPU time was 0.03 hours

Mission completed. All your basepair are belong to us :)

-- -- -- -- -- -- -- -- -- -- -- -- -- -- -- -- -- -- -- -- -- -- -- -- -- -- -- -- --

