Please note that this version is not compiled with MKL, which will result in longer runtimes

Please note that this version is not compiled with QSOPT, so is unable to calculate LDAK weightings

-- -- -- -- -- -- -- -- -- -- -- -- -- -- -- -- -- -- -- -- -- -- -- -- -- -- -- -- --
LDAK - Software for obtaining Linkage Disequilibrium Adjusted Kinships and Loads More
Version 6 - Help pages at www.dougspeed.com
-- -- -- -- -- -- -- -- -- -- -- -- -- -- -- -- -- -- -- -- -- -- -- -- -- -- -- -- --

There are 6 pairs of arguments:
--kvik-step1 reference
--bfile ../geno
--pheno phenotype.txt
--max-threads 1
--random-seed 20264403
--covar covariates.txt

Note that "--kvik-step1 reference" is equivalent to using "--elastic reference.step1" with "--LOCO YES"

-- -- -- -- -- -- -- -- -- -- -- -- -- -- -- -- -- -- -- -- -- -- -- -- -- -- -- -- --

Constructing LOCO elastic net PRS

To perform quality control of predictors use "--min-maf", "--max-maf", "--min-var" and/or "--min-obs"

LDAK will only save selected files (to save all files, use "--verbose YES")

The random number generator seed is set to 20264403

-- -- -- -- -- -- -- -- -- -- -- -- -- -- -- -- -- -- -- -- -- -- -- -- -- -- -- -- --

Reading IDs for 800 samples from ../geno.fam

Checking responses for 800 samples from phenotype.txt

Reading details for 6000 predictors from ../geno.bim

Data contain 800 samples and 6000 predictors (will be using 800 and 6000)

Reading phenotypes for 800 samples from phenotype.txt

Reading 2 covariates for 800 samples from covariates.txt

When performing cross-validation, will use 720 training samples and 80 test samples

Warning, the number of comparison predictors has been reduced to 6000 (the total number of predictors)

Testing for structure using 512 pedigree predictors

Will decide there is high structure if the estimated maximum average inflation is above 0.1000, and the corresponding p-value is below 1.0000e-03 (change these values using "--MAI-threshold" and "--MAI-significance")

Average cross-chromosome squared correlation is 1.2568e-03 (chi-squared test statistic 0.9679; p-value 3.2520e-01); estimated maximum average inflation of test statistics is 0.0042

This is relatively low structure, so will set the scaling factor to one

Estimating per-predictor heritabilities using Randomized Haseman-Elston Regression with 10 random vectors

Will divide the predictors into 20 partitions (change this using "--num-divides")
Will exclude chunks containing a predictor with estimated variance explained greater than 0.1250 (change this using "--max-cor")

Calculating traces for Chunk 1 of 24

Best power is 0.0000 and estimated heritability is 0.1298 (SD 0.1431)

Time check: have so far spent 0.00 hours

Constructing 10 PRS using training samples
Will also make 33 MCMC REML models (using all samples)

Scan 1: estimating training effect sizes for Chunk 1 of 24
Average number of iterations per chunk: 2.04

Scan 2: estimating training effect sizes for Chunk 1 of 24
Average number of iterations per chunk: 2.00

Scan 3: estimating training effect sizes for Chunk 1 of 24
Average number of iterations per chunk: 2.00

Scan 4: estimating training effect sizes for Chunk 1 of 24
Average number of iterations per chunk: 2.00

The revised estimate of heritability is 0.4778

Measuring accuracy of each model
Model 1: heritability 0.4778, p 0.0000, f2 1.0000, mean squared error 1.0152
Model 2: heritability 0.4778, p 0.5000, f2 0.5000, mean squared error 1.0206
Model 3: heritability 0.4778, p 0.5000, f2 0.3000, mean squared error 1.0140
Model 4: heritability 0.4778, p 0.5000, f2 0.1000, mean squared error 1.0279
Model 5: heritability 0.4778, p 0.1000, f2 0.5000, mean squared error 1.0150
Model 6: heritability 0.4778, p 0.1000, f2 0.3000, mean squared error 1.0148
Model 7: heritability 0.4778, p 0.1000, f2 0.1000, mean squared error 1.0145
Model 8: heritability 0.4778, p 0.0100, f2 0.5000, mean squared error 1.0138
Model 9: heritability 0.4778, p 0.0100, f2 0.3000, mean squared error 1.0130
Model 10: heritability 0.4778, p 0.0100, f2 0.1000, mean squared error 1.0124

Warning, the MSE for Phenotype 1 is only 1.0124, so will exclude the polygenic contribution

Time check: have so far spent 0.00 hours

Constructing final PRS (heritability 0.4778, p 0.0100, f2 0.1000) using all samples
Will also make 6 LOCO PRS

Best-fitting model saved in reference.step1.effects

LOCO results saved in reference.step1.loco.prs and reference.step1.loco.details

-- -- -- -- -- -- -- -- -- -- -- -- -- -- -- -- -- -- -- -- -- -- -- -- -- -- -- -- --

This command started at Sat Oct  3 18:19:06 2026 and ended at Sat Oct  3 18:19:06 2026
The elapsed time was 0.00 hours
Given the command used one thread, this means the CPU time was also 0.00 hours
Mission completed. All your basepair are belong to us :)

-- -- -- -- -- -- -- -- -- -- -- -- -- -- -- -- -- -- -- -- -- -- -- -- -- -- -- -- --

