Please note that this version is not compiled with MKL, which will result in longer runtimes

Please note that this version is not compiled with QSOPT, so is unable to calculate LDAK weightings

-- -- -- -- -- -- -- -- -- -- -- -- -- -- -- -- -- -- -- -- -- -- -- -- -- -- -- -- --
LDAK - Software for obtaining Linkage Disequilibrium Adjusted Kinships and Loads More
Version 6 - Help pages at www.dougspeed.com
-- -- -- -- -- -- -- -- -- -- -- -- -- -- -- -- -- -- -- -- -- -- -- -- -- -- -- -- --

There are 5 pairs of arguments:
--kvik-step1 reference
--bfile ../geno
--pheno phenotype.txt
--max-threads 1
--random-seed 20266403

Note that "--kvik-step1 reference" is equivalent to using "--elastic reference.step1" with "--LOCO YES"

-- -- -- -- -- -- -- -- -- -- -- -- -- -- -- -- -- -- -- -- -- -- -- -- -- -- -- -- --

Constructing LOCO elastic net PRS

Consider using "--covar" and/or "--factors" to provide quantitative or categorical covariates

To perform quality control of predictors use "--min-maf", "--max-maf", "--min-var" and/or "--min-obs"

LDAK will only save selected files (to save all files, use "--verbose YES")

The random number generator seed is set to 20266403

-- -- -- -- -- -- -- -- -- -- -- -- -- -- -- -- -- -- -- -- -- -- -- -- -- -- -- -- --

Reading IDs for 800 samples from ../geno.fam

Checking responses for 800 samples from phenotype.txt

Reading details for 6000 predictors from ../geno.bim

Data contain 800 samples and 6000 predictors (will be using 800 and 6000)

Reading phenotypes for 800 samples from phenotype.txt

When performing cross-validation, will use 720 training samples and 80 test samples

Warning, the number of comparison predictors has been reduced to 6000 (the total number of predictors)

Testing for structure using 512 pedigree predictors

Will decide there is high structure if the estimated maximum average inflation is above 0.1000, and the corresponding p-value is below 1.0000e-03 (change these values using "--MAI-threshold" and "--MAI-significance")

Average cross-chromosome squared correlation is 3.1372e-03 (chi-squared test statistic 124389.0790; p-value 0.0000e+00); estimated maximum average inflation of test statistics is 1.5085

This is relatively high structure, so will estimate the test statistic scaling factor (instead of setting it to one)

Estimating per-predictor heritabilities using Randomized Haseman-Elston Regression with 10 random vectors

Will divide the predictors into 20 partitions (change this using "--num-divides")
Will exclude chunks containing a predictor with estimated variance explained greater than 0.1250 (change this using "--max-cor")

Calculating traces for Chunk 1 of 24
Warning, excluding Chunk 10 because it contains a predictor with estimated variance explained 0.1552
Warning, excluding Chunk 20 because it contains a predictor with estimated variance explained 0.1449

Best power is 0.0000 and estimated heritability is 3.2429 (SD 0.0325)
Warning, the heritability is very high, so has been reduced to 0.8000

Time check: have so far spent 0.00 hours

Constructing 10 PRS using training samples
Will also make 33 MCMC REML models (using all samples)

Scan 1: estimating training effect sizes for Chunk 1 of 24
Average number of iterations per chunk: 4.88

Scan 2: estimating training effect sizes for Chunk 1 of 24
Average number of iterations per chunk: 3.62

Scan 3: estimating training effect sizes for Chunk 1 of 24
Average number of iterations per chunk: 3.08

Scan 4: estimating training effect sizes for Chunk 1 of 24
Average number of iterations per chunk: 2.88

Scan 5: estimating training effect sizes for Chunk 1 of 24
Average number of iterations per chunk: 2.29

Scan 6: estimating training effect sizes for Chunk 1 of 24
Average number of iterations per chunk: 2.25

Scan 7: estimating training effect sizes for Chunk 1 of 24
Average number of iterations per chunk: 2.21

Scan 8: estimating training effect sizes for Chunk 1 of 24
Average number of iterations per chunk: 2.17

Scan 9: estimating training effect sizes for Chunk 1 of 24
Average number of iterations per chunk: 2.12

Scan 10: estimating training effect sizes for Chunk 1 of 24
Average number of iterations per chunk: 2.08

Warning, Variational Bayes did not converge after 10 scans (this is not normally a problem)

The revised estimate of heritability is 0.8000

Measuring accuracy of each model
Model 1: heritability 0.8000, p 0.0000, f2 1.0000, mean squared error 0.8930
Model 2: heritability 0.8000, p 0.5000, f2 0.5000, mean squared error 0.8602
Model 3: heritability 0.8000, p 0.5000, f2 0.3000, mean squared error 0.8382
Model 4: heritability 0.8000, p 0.5000, f2 0.1000, mean squared error 0.7971
Model 5: heritability 0.8000, p 0.1000, f2 0.5000, mean squared error 0.8069
Model 6: heritability 0.8000, p 0.1000, f2 0.3000, mean squared error 0.7440
Model 7: heritability 0.8000, p 0.1000, f2 0.1000, mean squared error 0.7307
Model 8: heritability 0.8000, p 0.0100, f2 0.5000, mean squared error 0.7755
Model 9: heritability 0.8000, p 0.0100, f2 0.3000, mean squared error 0.6971
Model 10: heritability 0.8000, p 0.0100, f2 0.1000, mean squared error 0.7166

Time check: have so far spent 0.00 hours

Constructing final PRS (heritability 0.8000, p 0.0100, f2 0.3000) using all samples
Will also make 12 LOCO PRS, and 20 calibration models

Scan 1: estimating final effect sizes for Chunk 1 of 24
Average number of iterations per chunk: 4.12

Scan 2: estimating final effect sizes for Chunk 1 of 24
Average number of iterations per chunk: 3.21

Scan 3: estimating final effect sizes for Chunk 1 of 24
Average number of iterations per chunk: 2.50

Scan 4: estimating final effect sizes for Chunk 1 of 24
Average number of iterations per chunk: 2.29

Scan 5: estimating final effect sizes for Chunk 1 of 24
Average number of iterations per chunk: 2.21

Scan 6: estimating final effect sizes for Chunk 1 of 23
Average number of iterations per chunk: 1.96

Scan 7: estimating final effect sizes for Chunk 1 of 16
Average number of iterations per chunk: 2.12

Scan 8: estimating final effect sizes for Chunk 1 of 12
Average number of iterations per chunk: 2.08

Scan 9: estimating final effect sizes for Chunk 1 of 10
Average number of iterations per chunk: 2.30

Scan 10: estimating final effect sizes for Chunk 1 of 10
Average number of iterations per chunk: 2.10

Warning, Variational Bayes did not converge after 10 scans (this is not normally a problem)

The ridge regression test statistic scaling factor is 1.1212 (SE 0.0086)

Comparing test statistics for 6000 predictors
Computing test statistics for Chunk 1 of 24

The revised test statistic scaling factor is 1.0124 (SE 0.0152)
The effect size calibration is 2.0497 (SE 0.0000)

Best-fitting model saved in reference.step1.effects

LOCO results saved in reference.step1.loco.prs and reference.step1.loco.details

-- -- -- -- -- -- -- -- -- -- -- -- -- -- -- -- -- -- -- -- -- -- -- -- -- -- -- -- --

This command started at Sat Oct  3 18:21:21 2026 and ended at Sat Oct  3 18:21:23 2026
The elapsed time was 0.00 hours
Given the command used one thread, this means the CPU time was also 0.00 hours
Mission completed. All your basepair are belong to us :)

-- -- -- -- -- -- -- -- -- -- -- -- -- -- -- -- -- -- -- -- -- -- -- -- -- -- -- -- --

