Please note that this version is not compiled with MKL, which will result in longer runtimes

Please note that this version is not compiled with QSOPT, so is unable to calculate LDAK weightings

-- -- -- -- -- -- -- -- -- -- -- -- -- -- -- -- -- -- -- -- -- -- -- -- -- -- -- -- --
LDAK - Software for obtaining Linkage Disequilibrium Adjusted Kinships and Loads More
Version 6 - Help pages at www.dougspeed.com
-- -- -- -- -- -- -- -- -- -- -- -- -- -- -- -- -- -- -- -- -- -- -- -- -- -- -- -- --

There are 5 pairs of arguments:
--kvik-step1 reference
--bfile ../geno
--pheno phenotype.txt
--max-threads 1
--random-seed 20263484

Note that "--kvik-step1 reference" is equivalent to using "--elastic reference.step1" with "--LOCO YES"

-- -- -- -- -- -- -- -- -- -- -- -- -- -- -- -- -- -- -- -- -- -- -- -- -- -- -- -- --

Constructing LOCO elastic net PRS

Consider using "--covar" and/or "--factors" to provide quantitative or categorical covariates

To perform quality control of predictors use "--min-maf", "--max-maf", "--min-var" and/or "--min-obs"

LDAK will only save selected files (to save all files, use "--verbose YES")

The random number generator seed is set to 20263484

-- -- -- -- -- -- -- -- -- -- -- -- -- -- -- -- -- -- -- -- -- -- -- -- -- -- -- -- --

Reading IDs for 4000 samples from ../geno.fam

Checking responses for 4000 samples from phenotype.txt

Reading details for 24000 predictors from ../geno.bim

Data contain 4000 samples and 24000 predictors (will be using 4000 and 24000)

Reading phenotypes for 4000 samples from phenotype.txt

When performing cross-validation, will use 3600 training samples and 400 test samples

Warning, the number of comparison predictors has been reduced to 24000 (the total number of predictors)

Testing for structure using 512 pedigree predictors

Will decide there is high structure if the estimated maximum average inflation is above 0.1000, and the corresponding p-value is below 1.0000e-03 (change these values using "--MAI-threshold" and "--MAI-significance")

Average cross-chromosome squared correlation is 2.4992e-04 (chi-squared test statistic 0.0169; p-value 8.9669e-01); estimated maximum average inflation of test statistics is -0.0006

This is relatively low structure, so will set the scaling factor to one

Estimating per-predictor heritabilities using Randomized Haseman-Elston Regression with 10 random vectors

Will divide the predictors into 20 partitions (change this using "--num-divides")
Will exclude chunks containing a predictor with estimated variance explained greater than 0.0250 (change this using "--max-cor")

Calculating traces for Chunk 1 of 94
Warning, excluding Chunk 20 because it contains a predictor with estimated variance explained 0.0865
Warning, excluding Chunk 25 because it contains a predictor with estimated variance explained 0.0283
Warning, excluding Chunk 51 because it contains a predictor with estimated variance explained 0.0743
Warning, excluding Chunk 58 because it contains a predictor with estimated variance explained 0.0376

Best power is 0.0000 and estimated heritability is 0.1479 (SD 0.0351)

Time check: have so far spent 0.00 hours

Constructing 10 PRS using training samples
Will also make 33 MCMC REML models (using all samples)

Scan 1: estimating training effect sizes for Chunk 1 of 94
Average number of iterations per chunk: 2.07

Scan 2: estimating training effect sizes for Chunk 1 of 94
Average number of iterations per chunk: 2.00

Scan 3: estimating training effect sizes for Chunk 1 of 94
Average number of iterations per chunk: 2.00

The revised estimate of heritability is 0.3318

Measuring accuracy of each model
Model 1: heritability 0.3318, p 0.0000, f2 1.0000, mean squared error 0.9668
Model 2: heritability 0.3318, p 0.5000, f2 0.5000, mean squared error 0.9084
Model 3: heritability 0.3318, p 0.5000, f2 0.3000, mean squared error 0.8687
Model 4: heritability 0.3318, p 0.5000, f2 0.1000, mean squared error 0.8461
Model 5: heritability 0.3318, p 0.1000, f2 0.5000, mean squared error 0.7985
Model 6: heritability 0.3318, p 0.1000, f2 0.3000, mean squared error 0.7878
Model 7: heritability 0.3318, p 0.1000, f2 0.1000, mean squared error 0.7806
Model 8: heritability 0.3318, p 0.0100, f2 0.5000, mean squared error 0.7588
Model 9: heritability 0.3318, p 0.0100, f2 0.3000, mean squared error 0.7547
Model 10: heritability 0.3318, p 0.0100, f2 0.1000, mean squared error 0.7517

Time check: have so far spent 0.00 hours

Constructing final PRS (heritability 0.3318, p 0.0100, f2 0.1000) using all samples
Will also make 6 LOCO PRS

Scan 1: estimating final effect sizes for Chunk 1 of 94
Average number of iterations per chunk: 2.02

Scan 2: estimating final effect sizes for Chunk 1 of 94
Average number of iterations per chunk: 1.23

Scan 3: estimating final effect sizes for Chunk 1 of 22
Average number of iterations per chunk: 1.00

Comparing test statistics for 24000 predictors
Computing test statistics for Chunk 1 of 96

The effect size calibration is 1.1406 (SE 0.0043)

Best-fitting model saved in reference.step1.effects

LOCO results saved in reference.step1.loco.prs and reference.step1.loco.details

-- -- -- -- -- -- -- -- -- -- -- -- -- -- -- -- -- -- -- -- -- -- -- -- -- -- -- -- --

This command started at Sat Oct  3 18:50:12 2026 and ended at Sat Oct  3 18:50:15 2026
The elapsed time was 0.00 hours
Given the command used one thread, this means the CPU time was also 0.00 hours
Mission completed. All your basepair are belong to us :)

-- -- -- -- -- -- -- -- -- -- -- -- -- -- -- -- -- -- -- -- -- -- -- -- -- -- -- -- --

