Please note that this version is not compiled with MKL, which will result in longer runtimes

Please note that this version is not compiled with QSOPT, so is unable to calculate LDAK weightings

-- -- -- -- -- -- -- -- -- -- -- -- -- -- -- -- -- -- -- -- -- -- -- -- -- -- -- -- --
LDAK - Software for obtaining Linkage Disequilibrium Adjusted Kinships and Loads More
Version 6 - Help pages at www.dougspeed.com
-- -- -- -- -- -- -- -- -- -- -- -- -- -- -- -- -- -- -- -- -- -- -- -- -- -- -- -- --

There are 6 pairs of arguments:
--linear linw
--bfile geno
--pheno phenotype.txt
--covar covariates.txt
--max-threads 1
--sample-weights weights.txt

-- -- -- -- -- -- -- -- -- -- -- -- -- -- -- -- -- -- -- -- -- -- -- -- -- -- -- -- --

Performing linear regression for one phenotype

Will adjust all predictors for covariates (use "--adjust-predictors NO" to not adjust predictors, or use "--adjust-predictors PARTIAL" to adjust only the most significant predictors)

Will use the sandwich estimator of effect size variance; to switch to the standard estimator use "--sandwich NO"

Will compute standard test statistics; use "--spa-test YES" to switch to a saddlepoint approximation, 

You can use "--top-preds" to include (strongly-associated) predictors as extra covariates

To perform quality control of predictors use "--min-maf", "--max-maf", "--min-var" and/or "--min-obs"

-- -- -- -- -- -- -- -- -- -- -- -- -- -- -- -- -- -- -- -- -- -- -- -- -- -- -- -- --

Reading IDs for 4998 samples from geno.fam

Checking responses for 4998 samples from phenotype.txt

Reading details for 20000 predictors from geno.bim

Data contain 4998 samples and 20000 predictors (will be using 4998 and 20000)

Reading phenotypes for 4998 samples from phenotype.txt

Reading 1 covariates for 4998 samples from covariates.txt

Reading weights for 4998 samples from weights.txt
First few weights are: 0 S7 10.806658 | 0 S8 2.573252 | 0 S18 7.168796

Performing linear regression for Chunk 1 of 20
Performing linear regression for Chunk 11 of 20

Main results saved in linw.assoc, with a summary version in linw.summaries, p-values in linw.pvalues and score file in linw.score

-- -- -- -- -- -- -- -- -- -- -- -- -- -- -- -- -- -- -- -- -- -- -- -- -- -- -- -- --

This command started at Mon Oct  5 21:54:19 2026 and ended at Mon Oct  5 21:54:21 2026
The elapsed time was 0.00 hours
Given the command used one thread, this means the CPU time was also 0.00 hours
Mission completed. All your basepair are belong to us :)

-- -- -- -- -- -- -- -- -- -- -- -- -- -- -- -- -- -- -- -- -- -- -- -- -- -- -- -- --

