Please note that this version is not compiled with MKL, which will result in longer runtimes

Please note that this version is not compiled with QSOPT, so is unable to calculate LDAK weightings

-- -- -- -- -- -- -- -- -- -- -- -- -- -- -- -- -- -- -- -- -- -- -- -- -- -- -- -- --
LDAK - Software for obtaining Linkage Disequilibrium Adjusted Kinships and Loads More
Version 6 - Help pages at www.dougspeed.com
-- -- -- -- -- -- -- -- -- -- -- -- -- -- -- -- -- -- -- -- -- -- -- -- -- -- -- -- --

There are 6 pairs of arguments:
--kvik-step1 kvik
--bfile geno
--pheno phenotype.txt
--covar covariates.txt
--max-threads 1
--random-seed 20262405

Note that "--kvik-step1 kvik" is equivalent to using "--elastic kvik.step1" with "--LOCO YES"

-- -- -- -- -- -- -- -- -- -- -- -- -- -- -- -- -- -- -- -- -- -- -- -- -- -- -- -- --

Constructing LOCO elastic net PRS

To perform quality control of predictors use "--min-maf", "--max-maf", "--min-var" and/or "--min-obs"

LDAK will only save selected files (to save all files, use "--verbose YES")

The random number generator seed is set to 20262405

-- -- -- -- -- -- -- -- -- -- -- -- -- -- -- -- -- -- -- -- -- -- -- -- -- -- -- -- --

Reading IDs for 5000 samples from geno.fam

Checking responses for 5000 samples from phenotype.txt

Reading details for 20000 predictors from geno.bim

Data contain 5000 samples and 20000 predictors (will be using 5000 and 20000)

Reading phenotypes for 5000 samples from phenotype.txt

Reading 1 covariates for 5000 samples from covariates.txt

When performing cross-validation, will use 4500 training samples and 500 test samples

Warning, the number of comparison predictors has been reduced to 20000 (the total number of predictors)

Testing for structure using 512 pedigree predictors

Will decide there is high structure if the estimated maximum average inflation is above 0.1000, and the corresponding p-value is below 1.0000e-03 (change these values using "--MAI-threshold" and "--MAI-significance")

Average cross-chromosome squared correlation is 2.0125e-04 (chi-squared test statistic 2.1381; p-value 1.4368e-01); estimated maximum average inflation of test statistics is 0.0060

This is relatively low structure, so will set the scaling factor to one

Estimating per-predictor heritabilities using Randomized Haseman-Elston Regression with 10 random vectors

Will divide the predictors into 20 partitions (change this using "--num-divides")
Will exclude chunks containing a predictor with estimated variance explained greater than 0.0200 (change this using "--max-cor")

Calculating traces for Chunk 1 of 79
Warning, excluding Chunk 63 because it contains a predictor with estimated variance explained 0.0864
Warning, excluding Chunk 64 because it contains a predictor with estimated variance explained 0.0873
Warning, excluding Chunk 70 because it contains a predictor with estimated variance explained 0.0400

Best power is -1.0000 and estimated heritability is 0.1246 (SD 0.0419)

Time check: have so far spent 0.00 hours

Constructing 10 PRS using training samples
Will also make 33 MCMC REML models (using all samples)

Scan 1: estimating training effect sizes for Chunk 1 of 79
Average number of iterations per chunk: 2.00

Scan 2: estimating training effect sizes for Chunk 1 of 79
Average number of iterations per chunk: 2.00

Scan 3: estimating training effect sizes for Chunk 1 of 79
Average number of iterations per chunk: 2.00

The revised estimate of heritability is 0.2604

Measuring accuracy of each model
Model 1: heritability 0.2604, p 0.0000, f2 1.0000, mean squared error 0.9793
Model 2: heritability 0.2604, p 0.5000, f2 0.5000, mean squared error 0.8563
Model 3: heritability 0.2604, p 0.5000, f2 0.3000, mean squared error 0.8324
Model 4: heritability 0.2604, p 0.5000, f2 0.1000, mean squared error 0.8207
Model 5: heritability 0.2604, p 0.1000, f2 0.5000, mean squared error 0.7923
Model 6: heritability 0.2604, p 0.1000, f2 0.3000, mean squared error 0.7852
Model 7: heritability 0.2604, p 0.1000, f2 0.1000, mean squared error 0.7800
Model 8: heritability 0.2604, p 0.0100, f2 0.5000, mean squared error 0.7641
Model 9: heritability 0.2604, p 0.0100, f2 0.3000, mean squared error 0.7604
Model 10: heritability 0.2604, p 0.0100, f2 0.1000, mean squared error 0.7579

Time check: have so far spent 0.00 hours

Constructing final PRS (heritability 0.2604, p 0.0100, f2 0.1000) using all samples
Will also make 10 LOCO PRS

Scan 1: estimating final effect sizes for Chunk 1 of 79
Average number of iterations per chunk: 1.99

Scan 2: estimating final effect sizes for Chunk 1 of 78
Average number of iterations per chunk: 1.77

Scan 3: estimating final effect sizes for Chunk 1 of 60
Average number of iterations per chunk: 1.00

Comparing test statistics for 20000 predictors
Computing test statistics for Chunk 1 of 80

The effect size calibration is 1.1088 (SE 0.0032)

Best-fitting model saved in kvik.step1.effects

LOCO results saved in kvik.step1.loco.prs and kvik.step1.loco.details

-- -- -- -- -- -- -- -- -- -- -- -- -- -- -- -- -- -- -- -- -- -- -- -- -- -- -- -- --

This command started at Mon Oct  5 21:11:13 2026 and ended at Mon Oct  5 21:11:16 2026
The elapsed time was 0.00 hours
Given the command used one thread, this means the CPU time was also 0.00 hours
Mission completed. All your basepair are belong to us :)

-- -- -- -- -- -- -- -- -- -- -- -- -- -- -- -- -- -- -- -- -- -- -- -- -- -- -- -- --

