Please note that this version is not compiled with MKL, which will result in longer runtimes

Please note that this version is not compiled with QSOPT, so is unable to calculate LDAK weightings

-- -- -- -- -- -- -- -- -- -- -- -- -- -- -- -- -- -- -- -- -- -- -- -- -- -- -- -- --
LDAK - Software for obtaining Linkage Disequilibrium Adjusted Kinships and Loads More
Version 6 - Help pages at www.dougspeed.com
-- -- -- -- -- -- -- -- -- -- -- -- -- -- -- -- -- -- -- -- -- -- -- -- -- -- -- -- --

There are 5 pairs of arguments:
--kvik-step1 reference
--bfile ../geno
--pheno phenotype.txt
--max-threads 1
--random-seed 20265483

Note that "--kvik-step1 reference" is equivalent to using "--elastic reference.step1" with "--LOCO YES"

-- -- -- -- -- -- -- -- -- -- -- -- -- -- -- -- -- -- -- -- -- -- -- -- -- -- -- -- --

Constructing LOCO elastic net PRS

Consider using "--covar" and/or "--factors" to provide quantitative or categorical covariates

To perform quality control of predictors use "--min-maf", "--max-maf", "--min-var" and/or "--min-obs"

LDAK will only save selected files (to save all files, use "--verbose YES")

The random number generator seed is set to 20265483

-- -- -- -- -- -- -- -- -- -- -- -- -- -- -- -- -- -- -- -- -- -- -- -- -- -- -- -- --

Reading IDs for 800 samples from ../geno.fam

Checking responses for 800 samples from phenotype.txt

Reading details for 6000 predictors from ../geno.bim

Data contain 800 samples and 6000 predictors (will be using 800 and 6000)

Reading phenotypes for 800 samples from phenotype.txt

When performing cross-validation, will use 720 training samples and 80 test samples

Warning, the number of comparison predictors has been reduced to 6000 (the total number of predictors)

Testing for structure using 512 pedigree predictors

Will decide there is high structure if the estimated maximum average inflation is above 0.1000, and the corresponding p-value is below 1.0000e-03 (change these values using "--MAI-threshold" and "--MAI-significance")

Average cross-chromosome squared correlation is 2.9601e-03 (chi-squared test statistic 102124.4315; p-value 0.0000e+00); estimated maximum average inflation of test statistics is 1.3668

This is relatively high structure, so will estimate the test statistic scaling factor (instead of setting it to one)

Estimating per-predictor heritabilities using Randomized Haseman-Elston Regression with 10 random vectors

Will divide the predictors into 20 partitions (change this using "--num-divides")
Will exclude chunks containing a predictor with estimated variance explained greater than 0.1250 (change this using "--max-cor")

Calculating traces for Chunk 1 of 24

Best power is -1.0000 and estimated heritability is 2.0582 (SD 0.0325)
Warning, the heritability is very high, so has been reduced to 0.8000

Time check: have so far spent 0.00 hours

Constructing 10 PRS using training samples
Will also make 33 MCMC REML models (using all samples)

Scan 1: estimating training effect sizes for Chunk 1 of 24
Average number of iterations per chunk: 5.92

Scan 2: estimating training effect sizes for Chunk 1 of 24
Average number of iterations per chunk: 4.96

Scan 3: estimating training effect sizes for Chunk 1 of 24
Average number of iterations per chunk: 4.12

Scan 4: estimating training effect sizes for Chunk 1 of 24
Average number of iterations per chunk: 3.79

The revised estimate of heritability is 0.0100

Measuring accuracy of each model
Model 1: heritability 0.0100, p 0.0000, f2 1.0000, mean squared error 0.9320
Model 2: heritability 0.0100, p 0.5000, f2 0.5000, mean squared error 0.9256
Model 3: heritability 0.0100, p 0.5000, f2 0.3000, mean squared error 0.9186
Model 4: heritability 0.0100, p 0.5000, f2 0.1000, mean squared error 0.9088
Model 5: heritability 0.0100, p 0.1000, f2 0.5000, mean squared error 0.9090
Model 6: heritability 0.0100, p 0.1000, f2 0.3000, mean squared error 0.9096
Model 7: heritability 0.0100, p 0.1000, f2 0.1000, mean squared error 0.9093
Model 8: heritability 0.0100, p 0.0100, f2 0.5000, mean squared error 0.9192
Model 9: heritability 0.0100, p 0.0100, f2 0.3000, mean squared error 0.9177
Model 10: heritability 0.0100, p 0.0100, f2 0.1000, mean squared error 0.8778

Time check: have so far spent 0.00 hours

Constructing final PRS (heritability 0.0100, p 0.0100, f2 0.1000) using all samples
Will also make 12 LOCO PRS, and 20 calibration models

Scan 1: estimating final effect sizes for Chunk 1 of 24
Average number of iterations per chunk: 2.21

Scan 2: estimating final effect sizes for Chunk 1 of 24
Average number of iterations per chunk: 1.42

Scan 3: estimating final effect sizes for Chunk 1 of 10
Average number of iterations per chunk: 1.10

Scan 4: estimating final effect sizes for Chunk 1 of 1
Average number of iterations per chunk: 1.00

The ridge regression test statistic scaling factor is 0.9834 (SE 0.0042)

Comparing test statistics for 6000 predictors
Computing test statistics for Chunk 1 of 24

The revised test statistic scaling factor is 1.2904 (SE 0.0088)
The effect size calibration is 1.2123 (SE 0.0000)

Best-fitting model saved in reference.step1.effects

LOCO results saved in reference.step1.loco.prs and reference.step1.loco.details

-- -- -- -- -- -- -- -- -- -- -- -- -- -- -- -- -- -- -- -- -- -- -- -- -- -- -- -- --

This command started at Sat Oct  3 18:26:40 2026 and ended at Sat Oct  3 18:26:41 2026
The elapsed time was 0.00 hours
Given the command used one thread, this means the CPU time was also 0.00 hours
Mission completed. All your basepair are belong to us :)

-- -- -- -- -- -- -- -- -- -- -- -- -- -- -- -- -- -- -- -- -- -- -- -- -- -- -- -- --

