* Getting build dependencies for sdist...
running egg_info
writing mixmogam.egg-info/PKG-INFO
writing dependency_links to mixmogam.egg-info/dependency_links.txt
writing requirements to mixmogam.egg-info/requires.txt
writing top-level names to mixmogam.egg-info/top_level.txt
reading manifest file 'mixmogam.egg-info/SOURCES.txt'
reading manifest template 'MANIFEST.in'
adding license file 'LICENSE'
writing manifest file 'mixmogam.egg-info/SOURCES.txt'
* Building sdist...
running sdist
running egg_info
writing mixmogam.egg-info/PKG-INFO
writing dependency_links to mixmogam.egg-info/dependency_links.txt
writing requirements to mixmogam.egg-info/requires.txt
writing top-level names to mixmogam.egg-info/top_level.txt
reading manifest file 'mixmogam.egg-info/SOURCES.txt'
reading manifest template 'MANIFEST.in'
adding license file 'LICENSE'
writing manifest file 'mixmogam.egg-info/SOURCES.txt'
running check
creating mixmogam-2.0.0.dev3
creating mixmogam-2.0.0.dev3/benchmarks
creating mixmogam-2.0.0.dev3/docs
creating mixmogam-2.0.0.dev3/mixmogam
creating mixmogam-2.0.0.dev3/mixmogam.egg-info
creating mixmogam-2.0.0.dev3/mixmogam/io
creating mixmogam-2.0.0.dev3/tests
copying files to mixmogam-2.0.0.dev3...
copying CHANGELOG.md -> mixmogam-2.0.0.dev3
copying LICENSE -> mixmogam-2.0.0.dev3
copying MANIFEST.in -> mixmogam-2.0.0.dev3
copying README.md -> mixmogam-2.0.0.dev3
copying pyproject.toml -> mixmogam-2.0.0.dev3
copying benchmarks/kvik_efficiency.py -> mixmogam-2.0.0.dev3/benchmarks
copying benchmarks/kvik_simulation.py -> mixmogam-2.0.0.dev3/benchmarks
copying docs/design.md -> mixmogam-2.0.0.dev3/docs
copying docs/quickstart.md -> mixmogam-2.0.0.dev3/docs
copying docs/review-2026-10-03.md -> mixmogam-2.0.0.dev3/docs
copying mixmogam/__init__.py -> mixmogam-2.0.0.dev3/mixmogam
copying mixmogam/_cg.py -> mixmogam-2.0.0.dev3/mixmogam
copying mixmogam/_fast.py -> mixmogam-2.0.0.dev3/mixmogam
copying mixmogam/_loco.py -> mixmogam-2.0.0.dev3/mixmogam
copying mixmogam/_slq.py -> mixmogam-2.0.0.dev3/mixmogam
copying mixmogam/_vb.py -> mixmogam-2.0.0.dev3/mixmogam
copying mixmogam/association.py -> mixmogam-2.0.0.dev3/mixmogam
copying mixmogam/genotypes.py -> mixmogam-2.0.0.dev3/mixmogam
copying mixmogam/kinship.py -> mixmogam-2.0.0.dev3/mixmogam
copying mixmogam/ldscore.py -> mixmogam-2.0.0.dev3/mixmogam
copying mixmogam/lmm.py -> mixmogam-2.0.0.dev3/mixmogam
copying mixmogam/phenotypes.py -> mixmogam-2.0.0.dev3/mixmogam
copying mixmogam/plotting.py -> mixmogam-2.0.0.dev3/mixmogam
copying mixmogam/results.py -> mixmogam-2.0.0.dev3/mixmogam
copying mixmogam/scan.py -> mixmogam-2.0.0.dev3/mixmogam
copying mixmogam/simulate.py -> mixmogam-2.0.0.dev3/mixmogam
copying mixmogam/stepwise.py -> mixmogam-2.0.0.dev3/mixmogam
copying mixmogam/twostep.py -> mixmogam-2.0.0.dev3/mixmogam
copying mixmogam.egg-info/PKG-INFO -> mixmogam-2.0.0.dev3/mixmogam.egg-info
copying mixmogam.egg-info/SOURCES.txt -> mixmogam-2.0.0.dev3/mixmogam.egg-info
copying mixmogam.egg-info/dependency_links.txt -> mixmogam-2.0.0.dev3/mixmogam.egg-info
copying mixmogam.egg-info/requires.txt -> mixmogam-2.0.0.dev3/mixmogam.egg-info
copying mixmogam.egg-info/top_level.txt -> mixmogam-2.0.0.dev3/mixmogam.egg-info
copying mixmogam/io/__init__.py -> mixmogam-2.0.0.dev3/mixmogam/io
copying mixmogam/io/eigenstrat.py -> mixmogam-2.0.0.dev3/mixmogam/io
copying mixmogam/io/hdf5.py -> mixmogam-2.0.0.dev3/mixmogam/io
copying mixmogam/io/phenofile.py -> mixmogam-2.0.0.dev3/mixmogam/io
copying mixmogam/io/plink.py -> mixmogam-2.0.0.dev3/mixmogam/io
copying mixmogam/io/regmap.py -> mixmogam-2.0.0.dev3/mixmogam/io
copying tests/__init__.py -> mixmogam-2.0.0.dev3/tests
copying tests/_reference.py -> mixmogam-2.0.0.dev3/tests
copying tests/test_association.py -> mixmogam-2.0.0.dev3/tests
copying tests/test_calibration.py -> mixmogam-2.0.0.dev3/tests
copying tests/test_data.py -> mixmogam-2.0.0.dev3/tests
copying tests/test_integration_at.py -> mixmogam-2.0.0.dev3/tests
copying tests/test_io.py -> mixmogam-2.0.0.dev3/tests
copying tests/test_kvik_preconditioner_reuse.py -> mixmogam-2.0.0.dev3/tests
copying tests/test_kvik_simulation.py -> mixmogam-2.0.0.dev3/tests
copying tests/test_lmm.py -> mixmogam-2.0.0.dev3/tests
copying tests/test_loco_workspace.py -> mixmogam-2.0.0.dev3/tests
copying tests/test_operator.py -> mixmogam-2.0.0.dev3/tests
copying tests/test_results.py -> mixmogam-2.0.0.dev3/tests
copying tests/test_review_regressions.py -> mixmogam-2.0.0.dev3/tests
copying tests/test_scan_extras.py -> mixmogam-2.0.0.dev3/tests
copying tests/test_stepwise.py -> mixmogam-2.0.0.dev3/tests
copying tests/test_twostep.py -> mixmogam-2.0.0.dev3/tests
copying tests/test_twostep_workspace.py -> mixmogam-2.0.0.dev3/tests
copying tests/test_vb_workspace.py -> mixmogam-2.0.0.dev3/tests
copying mixmogam.egg-info/SOURCES.txt -> mixmogam-2.0.0.dev3/mixmogam.egg-info
Writing mixmogam-2.0.0.dev3/setup.cfg
Creating tar archive
removing 'mixmogam-2.0.0.dev3' (and everything under it)
* Building wheel from sdist
* Getting build dependencies for wheel...
running egg_info
writing mixmogam.egg-info/PKG-INFO
writing dependency_links to mixmogam.egg-info/dependency_links.txt
writing requirements to mixmogam.egg-info/requires.txt
writing top-level names to mixmogam.egg-info/top_level.txt
reading manifest file 'mixmogam.egg-info/SOURCES.txt'
reading manifest template 'MANIFEST.in'
adding license file 'LICENSE'
writing manifest file 'mixmogam.egg-info/SOURCES.txt'
* Building wheel...
running bdist_wheel
running build
running build_py
creating build/lib/mixmogam
copying mixmogam/ldscore.py -> build/lib/mixmogam
copying mixmogam/results.py -> build/lib/mixmogam
copying mixmogam/_vb.py -> build/lib/mixmogam
copying mixmogam/phenotypes.py -> build/lib/mixmogam
copying mixmogam/plotting.py -> build/lib/mixmogam
copying mixmogam/_loco.py -> build/lib/mixmogam
copying mixmogam/simulate.py -> build/lib/mixmogam
copying mixmogam/lmm.py -> build/lib/mixmogam
copying mixmogam/twostep.py -> build/lib/mixmogam
copying mixmogam/__init__.py -> build/lib/mixmogam
copying mixmogam/_cg.py -> build/lib/mixmogam
copying mixmogam/association.py -> build/lib/mixmogam
copying mixmogam/_fast.py -> build/lib/mixmogam
copying mixmogam/stepwise.py -> build/lib/mixmogam
copying mixmogam/scan.py -> build/lib/mixmogam
copying mixmogam/genotypes.py -> build/lib/mixmogam
copying mixmogam/_slq.py -> build/lib/mixmogam
copying mixmogam/kinship.py -> build/lib/mixmogam
creating build/lib/mixmogam/io
copying mixmogam/io/phenofile.py -> build/lib/mixmogam/io
copying mixmogam/io/plink.py -> build/lib/mixmogam/io
copying mixmogam/io/eigenstrat.py -> build/lib/mixmogam/io
copying mixmogam/io/__init__.py -> build/lib/mixmogam/io
copying mixmogam/io/hdf5.py -> build/lib/mixmogam/io
copying mixmogam/io/regmap.py -> build/lib/mixmogam/io
running egg_info
writing mixmogam.egg-info/PKG-INFO
writing dependency_links to mixmogam.egg-info/dependency_links.txt
writing requirements to mixmogam.egg-info/requires.txt
writing top-level names to mixmogam.egg-info/top_level.txt
reading manifest file 'mixmogam.egg-info/SOURCES.txt'
reading manifest template 'MANIFEST.in'
adding license file 'LICENSE'
writing manifest file 'mixmogam.egg-info/SOURCES.txt'
installing to build/bdist.macosx-11.0-arm64/wheel
running install
running install_lib
creating build/bdist.macosx-11.0-arm64/wheel
creating build/bdist.macosx-11.0-arm64/wheel/mixmogam
copying build/lib/mixmogam/ldscore.py -> build/bdist.macosx-11.0-arm64/wheel/./mixmogam
copying build/lib/mixmogam/results.py -> build/bdist.macosx-11.0-arm64/wheel/./mixmogam
copying build/lib/mixmogam/_vb.py -> build/bdist.macosx-11.0-arm64/wheel/./mixmogam
copying build/lib/mixmogam/phenotypes.py -> build/bdist.macosx-11.0-arm64/wheel/./mixmogam
copying build/lib/mixmogam/plotting.py -> build/bdist.macosx-11.0-arm64/wheel/./mixmogam
copying build/lib/mixmogam/_loco.py -> build/bdist.macosx-11.0-arm64/wheel/./mixmogam
copying build/lib/mixmogam/simulate.py -> build/bdist.macosx-11.0-arm64/wheel/./mixmogam
creating build/bdist.macosx-11.0-arm64/wheel/mixmogam/io
copying build/lib/mixmogam/io/phenofile.py -> build/bdist.macosx-11.0-arm64/wheel/./mixmogam/io
copying build/lib/mixmogam/io/plink.py -> build/bdist.macosx-11.0-arm64/wheel/./mixmogam/io
copying build/lib/mixmogam/io/eigenstrat.py -> build/bdist.macosx-11.0-arm64/wheel/./mixmogam/io
copying build/lib/mixmogam/io/__init__.py -> build/bdist.macosx-11.0-arm64/wheel/./mixmogam/io
copying build/lib/mixmogam/io/hdf5.py -> build/bdist.macosx-11.0-arm64/wheel/./mixmogam/io
copying build/lib/mixmogam/io/regmap.py -> build/bdist.macosx-11.0-arm64/wheel/./mixmogam/io
copying build/lib/mixmogam/lmm.py -> build/bdist.macosx-11.0-arm64/wheel/./mixmogam
copying build/lib/mixmogam/twostep.py -> build/bdist.macosx-11.0-arm64/wheel/./mixmogam
copying build/lib/mixmogam/__init__.py -> build/bdist.macosx-11.0-arm64/wheel/./mixmogam
copying build/lib/mixmogam/_cg.py -> build/bdist.macosx-11.0-arm64/wheel/./mixmogam
copying build/lib/mixmogam/association.py -> build/bdist.macosx-11.0-arm64/wheel/./mixmogam
copying build/lib/mixmogam/_fast.py -> build/bdist.macosx-11.0-arm64/wheel/./mixmogam
copying build/lib/mixmogam/stepwise.py -> build/bdist.macosx-11.0-arm64/wheel/./mixmogam
copying build/lib/mixmogam/scan.py -> build/bdist.macosx-11.0-arm64/wheel/./mixmogam
copying build/lib/mixmogam/genotypes.py -> build/bdist.macosx-11.0-arm64/wheel/./mixmogam
copying build/lib/mixmogam/_slq.py -> build/bdist.macosx-11.0-arm64/wheel/./mixmogam
copying build/lib/mixmogam/kinship.py -> build/bdist.macosx-11.0-arm64/wheel/./mixmogam
running install_egg_info
Copying mixmogam.egg-info to build/bdist.macosx-11.0-arm64/wheel/./mixmogam-2.0.0.dev3-py3.14.egg-info
running install_scripts
creating build/bdist.macosx-11.0-arm64/wheel/mixmogam-2.0.0.dev3.dist-info/WHEEL
creating '/private/tmp/mixmogam-efficiency/dist/.tmp-rinfvuwp/mixmogam-2.0.0.dev3-py3-none-any.whl' and adding 'build/bdist.macosx-11.0-arm64/wheel' to it
adding 'mixmogam/__init__.py'
adding 'mixmogam/_cg.py'
adding 'mixmogam/_fast.py'
adding 'mixmogam/_loco.py'
adding 'mixmogam/_slq.py'
adding 'mixmogam/_vb.py'
adding 'mixmogam/association.py'
adding 'mixmogam/genotypes.py'
adding 'mixmogam/kinship.py'
adding 'mixmogam/ldscore.py'
adding 'mixmogam/lmm.py'
adding 'mixmogam/phenotypes.py'
adding 'mixmogam/plotting.py'
adding 'mixmogam/results.py'
adding 'mixmogam/scan.py'
adding 'mixmogam/simulate.py'
adding 'mixmogam/stepwise.py'
adding 'mixmogam/twostep.py'
adding 'mixmogam/io/__init__.py'
adding 'mixmogam/io/eigenstrat.py'
adding 'mixmogam/io/hdf5.py'
adding 'mixmogam/io/phenofile.py'
adding 'mixmogam/io/plink.py'
adding 'mixmogam/io/regmap.py'
adding 'mixmogam-2.0.0.dev3.dist-info/licenses/LICENSE'
adding 'mixmogam-2.0.0.dev3.dist-info/METADATA'
adding 'mixmogam-2.0.0.dev3.dist-info/WHEEL'
adding 'mixmogam-2.0.0.dev3.dist-info/top_level.txt'
adding 'mixmogam-2.0.0.dev3.dist-info/RECORD'
removing build/bdist.macosx-11.0-arm64/wheel
Successfully built mixmogam-2.0.0.dev3.tar.gz and mixmogam-2.0.0.dev3-py3-none-any.whl
