Please note that this version is not compiled with MKL, which will result in longer runtimes

Please note that this version is not compiled with QSOPT, so is unable to calculate LDAK weightings

-- -- -- -- -- -- -- -- -- -- -- -- -- -- -- -- -- -- -- -- -- -- -- -- -- -- -- -- --
LDAK - Software for obtaining Linkage Disequilibrium Adjusted Kinships and Loads More
Version 6 - Help pages at www.dougspeed.com
-- -- -- -- -- -- -- -- -- -- -- -- -- -- -- -- -- -- -- -- -- -- -- -- -- -- -- -- --

There are 5 pairs of arguments:
--kvik-step2 kvik
--bfile geno
--pheno phenotype.txt
--covar covariates.txt
--max-threads 1

Note that "--kvik-step2 kvik" is equivalent to using either "--linear kvik.step2" or "--logistic kvik.step2" with "--PRS kvik.step1"

-- -- -- -- -- -- -- -- -- -- -- -- -- -- -- -- -- -- -- -- -- -- -- -- -- -- -- -- --

Performing quasi-logistic regression including LOCO PRS as an offset for one phenotype

Will only adjust the most significant predictors for covariates (use "--adjust-predictors YES" to adjust all predictors, or use "--adjust-predictors NO" to not adjust predictors)

Will use a saddlepoint approximation for predictors with (non SPA) p-value below 5.00e-02 (use "--spa-threshold" to change the threshold, or use "--spa-test NO" to turn off the SPA)

To perform quality control of predictors use "--min-maf", "--max-maf", "--min-var" and/or "--min-obs"

-- -- -- -- -- -- -- -- -- -- -- -- -- -- -- -- -- -- -- -- -- -- -- -- -- -- -- -- --

Reading IDs for 5000 samples from geno.fam

Checking responses for 5000 samples from phenotype.txt

Reading details for 20000 predictors from geno.bim

Data contain 5000 samples and 20000 predictors (will be using 5000 and 20000)

Reading phenotypes for 5000 samples from phenotype.txt
Response 1 in phenotype.txt is binary, with 255 cases and 4745 controls

Reading 1 covariates for 5000 samples from covariates.txt

Reading LOCO PRS for 5000 samples from kvik.step1.loco.prs
Performing logistic regression for Chunk 1 of 20 (Chromosome 1)
Performing logistic regression for Chunk 11 of 20 (Chromosome 6)

Main results saved in kvik.step2.assoc, with a summary version in kvik.step2.summaries and p-values in kvik.step2.pvalues

-- -- -- -- -- -- -- -- -- -- -- -- -- -- -- -- -- -- -- -- -- -- -- -- -- -- -- -- --

This command started at Tue Oct  6 00:38:38 2026 and ended at Tue Oct  6 00:38:38 2026
The elapsed time was 0.00 hours
Given the command used one thread, this means the CPU time was also 0.00 hours
Mission completed. All your basepair are belong to us :)

-- -- -- -- -- -- -- -- -- -- -- -- -- -- -- -- -- -- -- -- -- -- -- -- -- -- -- -- --

